
BUILD FAILED
E:\IntelliJ Projects\TMCProjects\mooc-2013-OOProgrammingWithJava-PART2\week8-week8_09.CarRegistrationCentre\nbproject\build-impl.xml:603: The following error occurred while executing this line:
E:\IntelliJ Projects\TMCProjects\mooc-2013-OOProgrammingWithJava-PART2\week8-week8_09.CarRegistrationCentre\nbproject\build-impl.xml:245: Error running javac.exe compiler

Total time: 0 seconds
